// Jest Snapshot v1, https://goo.gl/fbAQLP

exports[`The SuperModeCalculator stack matches the snapshot 1`] = `
{
  "Metadata": {
    "gu:cdk:constructs": [
      "GuDistributionBucketParameter",
      "GuScheduledLambda",
    ],
    "gu:cdk:version": "TEST",
  },
  "Parameters": {
    "DistributionBucketName": {
      "Default": "/account/services/artifact.bucket",
      "Description": "SSM parameter containing the S3 bucket name holding distribution artifacts",
      "Type": "AWS::SSM::Parameter::Value<String>",
    },
  },
  "Resources": {
    "SuperModeCalculatorC30EED85": {
      "DependsOn": [
        "querylambdaroleDefaultPolicy929B9FB7",
        "querylambdaroleC6C8A94B",
      ],
      "Properties": {
        "Code": {
          "S3Bucket": {
            "Ref": "DistributionBucketName",
          },
          "S3Key": "support/TEST/super-mode/super-mode.zip",
        },
        "Environment": {
          "Variables": {
            "APP": "super-mode",
            "STACK": "support",
            "STAGE": "TEST",
          },
        },
        "FunctionName": "super-mode-TEST",
        "Handler": "lambdas/lambda.handler",
        "MemorySize": 512,
        "Role": {
          "Fn::GetAtt": [
            "querylambdaroleC6C8A94B",
            "Arn",
          ],
        },
        "Runtime": "nodejs20.x",
        "Tags": [
          {
            "Key": "App",
            "Value": "super-mode",
          },
          {
            "Key": "gu:cdk:version",
            "Value": "TEST",
          },
          {
            "Key": "gu:repo",
            "Value": "guardian/support-analytics",
          },
          {
            "Key": "Stack",
            "Value": "support",
          },
          {
            "Key": "Stage",
            "Value": "TEST",
          },
        ],
        "Timeout": 120,
      },
      "Type": "AWS::Lambda::Function",
    },
    "SuperModeCalculatorSuperModeCalculatorrate1hour07DE85BC7": {
      "Properties": {
        "ScheduleExpression": "rate(1 hour)",
        "State": "ENABLED",
        "Targets": [
          {
            "Arn": {
              "Fn::GetAtt": [
                "SuperModeCalculatorC30EED85",
                "Arn",
              ],
            },
            "Id": "Target0",
          },
        ],
      },
      "Type": "AWS::Events::Rule",
    },
    "SuperModeCalculatorSuperModeCalculatorrate1hour0AllowEventRuleSuperModeCalculatorED95104E7D359CFF": {
      "Properties": {
        "Action": "lambda:InvokeFunction",
        "FunctionName": {
          "Fn::GetAtt": [
            "SuperModeCalculatorC30EED85",
            "Arn",
          ],
        },
        "Principal": "events.amazonaws.com",
        "SourceArn": {
          "Fn::GetAtt": [
            "SuperModeCalculatorSuperModeCalculatorrate1hour07DE85BC7",
            "Arn",
          ],
        },
      },
      "Type": "AWS::Lambda::Permission",
    },
    "querylambdaroleC6C8A94B": {
      "Properties": {
        "AssumeRolePolicyDocument": {
          "Statement": [
            {
              "Action": "sts:AssumeRole",
              "Effect": "Allow",
              "Principal": {
                "Service": "lambda.amazonaws.com",
              },
            },
          ],
          "Version": "2012-10-17",
        },
        "RoleName": "super-mode-TEST",
        "Tags": [
          {
            "Key": "gu:cdk:version",
            "Value": "TEST",
          },
          {
            "Key": "gu:repo",
            "Value": "guardian/support-analytics",
          },
          {
            "Key": "Stack",
            "Value": "support",
          },
          {
            "Key": "Stage",
            "Value": "TEST",
          },
        ],
      },
      "Type": "AWS::IAM::Role",
    },
    "querylambdaroleDefaultPolicy929B9FB7": {
      "Properties": {
        "PolicyDocument": {
          "Statement": [
            {
              "Action": [
                "logs:CreateLogGroup",
                "logs:CreateLogStream",
                "logs:PutLogEvents",
              ],
              "Effect": "Allow",
              "Resource": "*",
            },
            {
              "Action": "ssm:GetParameter",
              "Effect": "Allow",
              "Resource": {
                "Fn::Join": [
                  "",
                  [
                    "arn:aws:ssm:",
                    {
                      "Ref": "AWS::Region",
                    },
                    ":",
                    {
                      "Ref": "AWS::AccountId",
                    },
                    ":parameter/super-mode/TEST/gcp-wif-credentials-config",
                  ],
                ],
              },
            },
            {
              "Action": "dynamodb:Query",
              "Effect": "Allow",
              "Resource": [
                {
                  "Fn::Join": [
                    "",
                    [
                      "arn:aws:dynamodb:eu-west-1:",
                      {
                        "Ref": "AWS::AccountId",
                      },
                      ":table/super-mode-calculator-TEST",
                    ],
                  ],
                },
                {
                  "Fn::Join": [
                    "",
                    [
                      "arn:aws:dynamodb:eu-west-1:",
                      {
                        "Ref": "AWS::AccountId",
                      },
                      ":table/super-mode-calculator-TEST/index/*",
                    ],
                  ],
                },
              ],
            },
            {
              "Action": "dynamodb:BatchWriteItem",
              "Effect": "Allow",
              "Resource": {
                "Fn::GetAtt": [
                  "supermodecalculatortable21F15307",
                  "Arn",
                ],
              },
            },
            {
              "Action": [
                "s3:GetObject*",
                "s3:GetBucket*",
                "s3:List*",
              ],
              "Effect": "Allow",
              "Resource": [
                {
                  "Fn::Join": [
                    "",
                    [
                      "arn:",
                      {
                        "Ref": "AWS::Partition",
                      },
                      ":s3:::",
                      {
                        "Ref": "DistributionBucketName",
                      },
                    ],
                  ],
                },
                {
                  "Fn::Join": [
                    "",
                    [
                      "arn:",
                      {
                        "Ref": "AWS::Partition",
                      },
                      ":s3:::",
                      {
                        "Ref": "DistributionBucketName",
                      },
                      "/support/TEST/super-mode/super-mode.zip",
                    ],
                  ],
                },
              ],
            },
            {
              "Action": "ssm:GetParametersByPath",
              "Effect": "Allow",
              "Resource": {
                "Fn::Join": [
                  "",
                  [
                    "arn:aws:ssm:",
                    {
                      "Ref": "AWS::Region",
                    },
                    ":",
                    {
                      "Ref": "AWS::AccountId",
                    },
                    ":parameter/TEST/support/super-mode",
                  ],
                ],
              },
            },
            {
              "Action": [
                "ssm:GetParameters",
                "ssm:GetParameter",
              ],
              "Effect": "Allow",
              "Resource": {
                "Fn::Join": [
                  "",
                  [
                    "arn:aws:ssm:",
                    {
                      "Ref": "AWS::Region",
                    },
                    ":",
                    {
                      "Ref": "AWS::AccountId",
                    },
                    ":parameter/TEST/support/super-mode/*",
                  ],
                ],
              },
            },
          ],
          "Version": "2012-10-17",
        },
        "PolicyName": "querylambdaroleDefaultPolicy929B9FB7",
        "Roles": [
          {
            "Ref": "querylambdaroleC6C8A94B",
          },
        ],
      },
      "Type": "AWS::IAM::Policy",
    },
    "supermodecalculatortable21F15307": {
      "DeletionPolicy": "Retain",
      "Properties": {
        "AttributeDefinitions": [
          {
            "AttributeName": "id",
            "AttributeType": "S",
          },
          {
            "AttributeName": "startTimestamp",
            "AttributeType": "S",
          },
          {
            "AttributeName": "endDate",
            "AttributeType": "S",
          },
          {
            "AttributeName": "endTimestamp",
            "AttributeType": "S",
          },
        ],
        "GlobalSecondaryIndexes": [
          {
            "IndexName": "end",
            "KeySchema": [
              {
                "AttributeName": "endDate",
                "KeyType": "HASH",
              },
              {
                "AttributeName": "endTimestamp",
                "KeyType": "RANGE",
              },
            ],
            "Projection": {
              "ProjectionType": "ALL",
            },
            "ProvisionedThroughput": {
              "ReadCapacityUnits": 5,
              "WriteCapacityUnits": 5,
            },
          },
        ],
        "KeySchema": [
          {
            "AttributeName": "id",
            "KeyType": "HASH",
          },
          {
            "AttributeName": "startTimestamp",
            "KeyType": "RANGE",
          },
        ],
        "PointInTimeRecoverySpecification": {
          "PointInTimeRecoveryEnabled": false,
        },
        "ProvisionedThroughput": {
          "ReadCapacityUnits": 5,
          "WriteCapacityUnits": 5,
        },
        "TableName": "super-mode-calculator-TEST",
        "Tags": [
          {
            "Key": "gu:cdk:version",
            "Value": "TEST",
          },
          {
            "Key": "gu:repo",
            "Value": "guardian/support-analytics",
          },
          {
            "Key": "Stack",
            "Value": "support",
          },
          {
            "Key": "Stage",
            "Value": "TEST",
          },
        ],
      },
      "Type": "AWS::DynamoDB::Table",
      "UpdateReplacePolicy": "Retain",
    },
  },
}
`;
